---
http_interactions:
- request:
    method: get
    uri: http://gdata.youtube.com/feeds/api/playlists/PLUq7irMdoCZL6sJNa1vH0kh51yLgTrifw?v=2&orderby=position
    body:
      encoding: US-ASCII
      string: ''
    headers:
      User-Agent:
      - Faraday v0.8.7
      Authorization:
      - Bearer ya29.AHES6ZTwMkXhvJZu_UkFUlGkjB6g1cIi0mJzTE-gV391MO4
      X-GData-Client:
      - youtube_it
      X-GData-Key:
      - key=AI39si7WuZZxAkYebKSyrlJR7hIFktt6OoPycEOeOT_yHkZgr6QsGbZgmhKvbS4bsSAv0utgrfhNfXQBITu1wX_z3VsZE02giQ
      GData-Version:
      - '2.1'
      Content-Type:
      - application/atom+xml; charset=UTF-8
      Content-Length:
      - '0'
  response:
    status:
      code: 200
      message: 
    headers:
      X-GData-User-Country:
      - AR
      Content-Type:
      - application/atom+xml; charset=UTF-8; type=feed
      Expires:
      - Thu, 23 May 2013 16:16:44 GMT
      Date:
      - Thu, 23 May 2013 16:16:44 GMT
      Cache-Control:
      - private, max-age=0, must-revalidate, no-transform
      Vary:
      - Accept, X-GData-Authorization, GData-Version
      GData-Version:
      - '2.1'
      ETag:
      - W/"D0ANSH47eCp7I2A9WhBaE08."
      Last-Modified:
      - Thu, 23 May 2013 16:16:39 GMT
      Transfer-Encoding:
      - chunked
      X-Content-Type-Options:
      - nosniff
      X-Frame-Options:
      - SAMEORIGIN
      X-XSS-Protection:
      - 1; mode=block
      Server:
      - GSE
    body:
      encoding: UTF-8
      string: <?xml version='1.0' encoding='UTF-8'?><feed xmlns='http://www.w3.org/2005/Atom'
        xmlns:media='http://search.yahoo.com/mrss/' xmlns:openSearch='http://a9.com/-/spec/opensearch/1.1/'
        xmlns:gd='http://schemas.google.com/g/2005' xmlns:yt='http://gdata.youtube.com/schemas/2007'
        gd:etag='W/&quot;D0ANSH47eCp7I2A9WhBaE08.&quot;'><id>tag:youtube.com,2008:playlist:PLUq7irMdoCZL6sJNa1vH0kh51yLgTrifw</id><updated>2013-05-23T16:16:39.000Z</updated><category
        scheme='http://schemas.google.com/g/2005#kind' term='http://gdata.youtube.com/schemas/2007#playlist'/><title>youtube_it
        test1!</title><subtitle>test playlist</subtitle><logo>http://www.youtube.com/img/pic_youtubelogo_123x63.gif</logo><link
        rel='alternate' type='text/html' href='http://www.youtube.com/playlist?list=PLUq7irMdoCZL6sJNa1vH0kh51yLgTrifw'/><link
        rel='http://schemas.google.com/g/2005#feed' type='application/atom+xml' href='http://gdata.youtube.com/feeds/api/playlists/PLUq7irMdoCZL6sJNa1vH0kh51yLgTrifw?client=youtube_it'/><link
        rel='http://schemas.google.com/g/2005#post' type='application/atom+xml' href='http://gdata.youtube.com/feeds/api/playlists/PLUq7irMdoCZL6sJNa1vH0kh51yLgTrifw?client=youtube_it'/><link
        rel='http://schemas.google.com/g/2005#batch' type='application/atom+xml' href='http://gdata.youtube.com/feeds/api/playlists/PLUq7irMdoCZL6sJNa1vH0kh51yLgTrifw/batch?client=youtube_it'/><link
        rel='self' type='application/atom+xml' href='http://gdata.youtube.com/feeds/api/playlists/PLUq7irMdoCZL6sJNa1vH0kh51yLgTrifw?start-index=1&amp;max-results=25&amp;orderby=position&amp;client=youtube_it'/><link
        rel='service' type='application/atomsvc+xml' href='http://gdata.youtube.com/feeds/api/playlists/PLUq7irMdoCZL6sJNa1vH0kh51yLgTrifw?alt=atom-service'/><author><name>tubeit20101</name><uri>http://gdata.youtube.com/feeds/api/users/tubeit20101</uri><yt:userId>WWmLvppy3j64IGmA2dpCyw</yt:userId></author><generator
        version='2.1' uri='http://gdata.youtube.com'>YouTube data API</generator><openSearch:totalResults>0</openSearch:totalResults><openSearch:startIndex>1</openSearch:startIndex><openSearch:itemsPerPage>25</openSearch:itemsPerPage><media:group><media:description
        type='plain'>test playlist</media:description><media:title type='plain'>youtube_it
        test1!</media:title></media:group><yt:playlistId>PLUq7irMdoCZL6sJNa1vH0kh51yLgTrifw</yt:playlistId></feed>
    http_version: 
  recorded_at: Thu, 23 May 2013 16:16:44 GMT
- request:
    method: delete
    uri: http://gdata.youtube.com/feeds/api/users/default/playlists/PLUq7irMdoCZL6sJNa1vH0kh51yLgTrifw
    body:
      encoding: US-ASCII
      string: ''
    headers:
      User-Agent:
      - Faraday v0.8.7
      Authorization:
      - Bearer ya29.AHES6ZTwMkXhvJZu_UkFUlGkjB6g1cIi0mJzTE-gV391MO4
      X-GData-Client:
      - youtube_it
      X-GData-Key:
      - key=AI39si7WuZZxAkYebKSyrlJR7hIFktt6OoPycEOeOT_yHkZgr6QsGbZgmhKvbS4bsSAv0utgrfhNfXQBITu1wX_z3VsZE02giQ
      GData-Version:
      - '2.1'
      Content-Type:
      - application/atom+xml; charset=UTF-8
      Content-Length:
      - '0'
  response:
    status:
      code: 200
      message: 
    headers:
      X-GData-User-Country:
      - AR
      GData-Version:
      - '2.1'
      Date:
      - Thu, 23 May 2013 16:16:45 GMT
      Expires:
      - Thu, 23 May 2013 16:16:45 GMT
      Cache-Control:
      - private, max-age=0
      X-Content-Type-Options:
      - nosniff
      X-Frame-Options:
      - SAMEORIGIN
      X-XSS-Protection:
      - 1; mode=block
      Content-Length:
      - '0'
      Server:
      - GSE
      Content-Type:
      - text/html; charset=UTF-8
    body:
      encoding: UTF-8
      string: ''
    http_version: 
  recorded_at: Thu, 23 May 2013 16:16:45 GMT
- request:
    method: get
    uri: http://gdata.youtube.com/feeds/api/playlists/PLUq7irMdoCZIGZgXgRGz74gLMuLOJ6-xN?v=2&orderby=position
    body:
      encoding: US-ASCII
      string: ''
    headers:
      User-Agent:
      - Faraday v0.8.7
      Authorization:
      - Bearer ya29.AHES6ZSrmmI8hcwjCayMGi64k5sR24dLYcynD69bLUGrkG0
      X-GData-Client:
      - youtube_it
      X-GData-Key:
      - key=AI39si7WuZZxAkYebKSyrlJR7hIFktt6OoPycEOeOT_yHkZgr6QsGbZgmhKvbS4bsSAv0utgrfhNfXQBITu1wX_z3VsZE02giQ
      GData-Version:
      - '2.1'
      Content-Type:
      - application/atom+xml; charset=UTF-8
      Content-Length:
      - '0'
  response:
    status:
      code: 200
      message: 
    headers:
      X-GData-User-Country:
      - AR
      Content-Type:
      - application/atom+xml; charset=UTF-8; type=feed
      Expires:
      - Thu, 23 May 2013 16:19:17 GMT
      Date:
      - Thu, 23 May 2013 16:19:17 GMT
      Cache-Control:
      - private, max-age=0, must-revalidate, no-transform
      Vary:
      - Accept, X-GData-Authorization, GData-Version
      GData-Version:
      - '2.1'
      ETag:
      - W/"D04BR347eCp7I2A9WhBaE08."
      Last-Modified:
      - Thu, 23 May 2013 16:19:16 GMT
      Transfer-Encoding:
      - chunked
      X-Content-Type-Options:
      - nosniff
      X-Frame-Options:
      - SAMEORIGIN
      X-XSS-Protection:
      - 1; mode=block
      Server:
      - GSE
    body:
      encoding: UTF-8
      string: <?xml version='1.0' encoding='UTF-8'?><feed xmlns='http://www.w3.org/2005/Atom'
        xmlns:media='http://search.yahoo.com/mrss/' xmlns:openSearch='http://a9.com/-/spec/opensearch/1.1/'
        xmlns:gd='http://schemas.google.com/g/2005' xmlns:yt='http://gdata.youtube.com/schemas/2007'
        gd:etag='W/&quot;D04BR347eCp7I2A9WhBaE08.&quot;'><id>tag:youtube.com,2008:playlist:PLUq7irMdoCZIGZgXgRGz74gLMuLOJ6-xN</id><updated>2013-05-23T16:19:16.000Z</updated><category
        scheme='http://schemas.google.com/g/2005#kind' term='http://gdata.youtube.com/schemas/2007#playlist'/><title>youtube_it
        test1!</title><subtitle>test playlist</subtitle><logo>http://www.youtube.com/img/pic_youtubelogo_123x63.gif</logo><link
        rel='alternate' type='text/html' href='http://www.youtube.com/playlist?list=PLUq7irMdoCZIGZgXgRGz74gLMuLOJ6-xN'/><link
        rel='http://schemas.google.com/g/2005#feed' type='application/atom+xml' href='http://gdata.youtube.com/feeds/api/playlists/PLUq7irMdoCZIGZgXgRGz74gLMuLOJ6-xN?client=youtube_it'/><link
        rel='http://schemas.google.com/g/2005#post' type='application/atom+xml' href='http://gdata.youtube.com/feeds/api/playlists/PLUq7irMdoCZIGZgXgRGz74gLMuLOJ6-xN?client=youtube_it'/><link
        rel='http://schemas.google.com/g/2005#batch' type='application/atom+xml' href='http://gdata.youtube.com/feeds/api/playlists/PLUq7irMdoCZIGZgXgRGz74gLMuLOJ6-xN/batch?client=youtube_it'/><link
        rel='self' type='application/atom+xml' href='http://gdata.youtube.com/feeds/api/playlists/PLUq7irMdoCZIGZgXgRGz74gLMuLOJ6-xN?start-index=1&amp;max-results=25&amp;orderby=position&amp;client=youtube_it'/><link
        rel='service' type='application/atomsvc+xml' href='http://gdata.youtube.com/feeds/api/playlists/PLUq7irMdoCZIGZgXgRGz74gLMuLOJ6-xN?alt=atom-service'/><author><name>tubeit20101</name><uri>http://gdata.youtube.com/feeds/api/users/tubeit20101</uri><yt:userId>WWmLvppy3j64IGmA2dpCyw</yt:userId></author><generator
        version='2.1' uri='http://gdata.youtube.com'>YouTube data API</generator><openSearch:totalResults>0</openSearch:totalResults><openSearch:startIndex>1</openSearch:startIndex><openSearch:itemsPerPage>25</openSearch:itemsPerPage><media:group><media:description
        type='plain'>test playlist</media:description><media:title type='plain'>youtube_it
        test1!</media:title></media:group><yt:playlistId>PLUq7irMdoCZIGZgXgRGz74gLMuLOJ6-xN</yt:playlistId></feed>
    http_version: 
  recorded_at: Thu, 23 May 2013 16:19:17 GMT
- request:
    method: delete
    uri: http://gdata.youtube.com/feeds/api/users/default/playlists/PLUq7irMdoCZIGZgXgRGz74gLMuLOJ6-xN
    body:
      encoding: US-ASCII
      string: ''
    headers:
      User-Agent:
      - Faraday v0.8.7
      Authorization:
      - Bearer ya29.AHES6ZSrmmI8hcwjCayMGi64k5sR24dLYcynD69bLUGrkG0
      X-GData-Client:
      - youtube_it
      X-GData-Key:
      - key=AI39si7WuZZxAkYebKSyrlJR7hIFktt6OoPycEOeOT_yHkZgr6QsGbZgmhKvbS4bsSAv0utgrfhNfXQBITu1wX_z3VsZE02giQ
      GData-Version:
      - '2.1'
      Content-Type:
      - application/atom+xml; charset=UTF-8
      Content-Length:
      - '0'
  response:
    status:
      code: 200
      message: 
    headers:
      X-GData-User-Country:
      - AR
      GData-Version:
      - '2.1'
      Date:
      - Thu, 23 May 2013 16:19:18 GMT
      Expires:
      - Thu, 23 May 2013 16:19:18 GMT
      Cache-Control:
      - private, max-age=0
      X-Content-Type-Options:
      - nosniff
      X-Frame-Options:
      - SAMEORIGIN
      X-XSS-Protection:
      - 1; mode=block
      Content-Length:
      - '0'
      Server:
      - GSE
      Content-Type:
      - text/html; charset=UTF-8
    body:
      encoding: UTF-8
      string: ''
    http_version: 
  recorded_at: Thu, 23 May 2013 16:19:18 GMT
- request:
    method: get
    uri: http://gdata.youtube.com/feeds/api/users/default/playlists?v=2.1
    body:
      encoding: US-ASCII
      string: ''
    headers:
      User-Agent:
      - Faraday v0.8.7
      Authorization:
      - Bearer ya29.AHES6ZSCjaDC3LXntgv7OmRmCrP35SLXUSp9sYDsRQ-s3m8
      X-GData-Client:
      - youtube_it
      X-GData-Key:
      - key=AI39si7WuZZxAkYebKSyrlJR7hIFktt6OoPycEOeOT_yHkZgr6QsGbZgmhKvbS4bsSAv0utgrfhNfXQBITu1wX_z3VsZE02giQ
      GData-Version:
      - '2.1'
      Content-Type:
      - application/atom+xml; charset=UTF-8
      Content-Length:
      - '0'
  response:
    status:
      code: 200
      message: 
    headers:
      X-GData-User-Country:
      - AR
      Content-Type:
      - application/atom+xml; charset=UTF-8; type=feed
      Expires:
      - Thu, 23 May 2013 16:31:12 GMT
      Date:
      - Thu, 23 May 2013 16:31:12 GMT
      Cache-Control:
      - private, max-age=0, must-revalidate, no-transform
      Vary:
      - Accept, X-GData-Authorization, GData-Version
      GData-Version:
      - '2.1'
      ETag:
      - W/"DEEDQ3o5fyp7I2A9WhBaE08."
      Last-Modified:
      - Thu, 23 May 2013 16:31:12 GMT
      Transfer-Encoding:
      - chunked
      X-Content-Type-Options:
      - nosniff
      X-Frame-Options:
      - SAMEORIGIN
      X-XSS-Protection:
      - 1; mode=block
      Server:
      - GSE
    body:
      encoding: UTF-8
      string: <?xml version='1.0' encoding='UTF-8'?><feed xmlns='http://www.w3.org/2005/Atom'
        xmlns:openSearch='http://a9.com/-/spec/opensearch/1.1/' xmlns:gd='http://schemas.google.com/g/2005'
        xmlns:yt='http://gdata.youtube.com/schemas/2007' gd:etag='W/&quot;DEEDQ3o5fyp7I2A9WhBaE08.&quot;'><id>tag:youtube.com,2008:user:tubeit20101:playlists</id><updated>2013-05-23T16:31:12.427Z</updated><category
        scheme='http://schemas.google.com/g/2005#kind' term='http://gdata.youtube.com/schemas/2007#playlistLink'/><title>Playlists
        of tubeit20101</title><logo>http://www.youtube.com/img/pic_youtubelogo_123x63.gif</logo><link
        rel='related' type='application/atom+xml' href='http://gdata.youtube.com/feeds/api/users/tubeit20101?client=youtube_it'/><link
        rel='alternate' type='text/html' href='http://www.youtube.com'/><link rel='http://schemas.google.com/g/2005#feed'
        type='application/atom+xml' href='http://gdata.youtube.com/feeds/api/users/tubeit20101/playlists?client=youtube_it'/><link
        rel='http://schemas.google.com/g/2005#post' type='application/atom+xml' href='http://gdata.youtube.com/feeds/api/users/tubeit20101/playlists?client=youtube_it'/><link
        rel='http://schemas.google.com/g/2005#batch' type='application/atom+xml' href='http://gdata.youtube.com/feeds/api/users/tubeit20101/playlists/batch?client=youtube_it'/><link
        rel='self' type='application/atom+xml' href='http://gdata.youtube.com/feeds/api/users/tubeit20101/playlists?start-index=1&amp;max-results=25&amp;client=youtube_it'/><link
        rel='service' type='application/atomsvc+xml' href='http://gdata.youtube.com/feeds/api/users/tubeit20101/playlists?alt=atom-service'/><author><name>tubeit20101</name><uri>http://gdata.youtube.com/feeds/api/users/tubeit20101</uri><yt:userId>WWmLvppy3j64IGmA2dpCyw</yt:userId></author><generator
        version='2.1' uri='http://gdata.youtube.com'>YouTube data API</generator><openSearch:totalResults>0</openSearch:totalResults><openSearch:startIndex>1</openSearch:startIndex><openSearch:itemsPerPage>25</openSearch:itemsPerPage></feed>
    http_version: 
  recorded_at: Thu, 23 May 2013 16:31:12 GMT
- request:
    method: post
    uri: http://gdata.youtube.com/feeds/api/users/default/playlists
    body:
      encoding: UTF-8
      string: <?xml version="1.0" encoding="UTF-8"?><entry xmlns="http://www.w3.org/2005/Atom"
        xmlns:yt="http://gdata.youtube.com/schemas/2007"><title>youtube_it test1!</title><summary>test
        playlist</summary></entry>
    headers:
      User-Agent:
      - Faraday v0.8.7
      Authorization:
      - Bearer ya29.AHES6ZSCjaDC3LXntgv7OmRmCrP35SLXUSp9sYDsRQ-s3m8
      X-GData-Client:
      - youtube_it
      X-GData-Key:
      - key=AI39si7WuZZxAkYebKSyrlJR7hIFktt6OoPycEOeOT_yHkZgr6QsGbZgmhKvbS4bsSAv0utgrfhNfXQBITu1wX_z3VsZE02giQ
      GData-Version:
      - '2.1'
      Content-Type:
      - application/atom+xml; charset=UTF-8
      Content-Length:
      - '202'
  response:
    status:
      code: 201
      message: 
    headers:
      X-GData-User-Country:
      - AR
      Content-Type:
      - application/atom+xml; charset=UTF-8; type=entry
      Expires:
      - Thu, 23 May 2013 16:31:13 GMT
      Date:
      - Thu, 23 May 2013 16:31:13 GMT
      Cache-Control:
      - private, max-age=0, must-revalidate, no-transform
      Vary:
      - Accept, X-GData-Authorization, GData-Version
      GData-Version:
      - '2.1'
      ETag:
      - W/"DEEDQn47eCp7I2A9WhBaE08."
      Location:
      - http://gdata.youtube.com/feeds/api/users/tubeit20101/playlists/PLUq7irMdoCZJ0BX07fsmWbgvmBC-xxHFf?client=youtube_it
      Content-Location:
      - http://gdata.youtube.com/feeds/api/users/tubeit20101/playlists/PLUq7irMdoCZJ0BX07fsmWbgvmBC-xxHFf?client=youtube_it
      Transfer-Encoding:
      - chunked
      X-Content-Type-Options:
      - nosniff
      X-Frame-Options:
      - SAMEORIGIN
      X-XSS-Protection:
      - 1; mode=block
      Server:
      - GSE
    body:
      encoding: UTF-8
      string: <?xml version='1.0' encoding='UTF-8'?><entry xmlns='http://www.w3.org/2005/Atom'
        xmlns:app='http://www.w3.org/2007/app' xmlns:media='http://search.yahoo.com/mrss/'
        xmlns:gd='http://schemas.google.com/g/2005' xmlns:yt='http://gdata.youtube.com/schemas/2007'
        gd:etag='W/&quot;DEEDQn47eCp7I2A9WhBaE08.&quot;'><id>tag:youtube.com,2008:user:tubeit20101:playlist:PLUq7irMdoCZJ0BX07fsmWbgvmBC-xxHFf</id><published>2013-05-23T16:31:13.000Z</published><updated>2013-05-23T16:31:13.000Z</updated><app:edited>2013-05-23T16:31:13.000Z</app:edited><category
        scheme='http://schemas.google.com/g/2005#kind' term='http://gdata.youtube.com/schemas/2007#playlistLink'/><title>youtube_it
        test1!</title><summary>test playlist</summary><content type='application/atom+xml;type=feed'
        src='http://gdata.youtube.com/feeds/api/playlists/PLUq7irMdoCZJ0BX07fsmWbgvmBC-xxHFf'/><link
        rel='related' type='application/atom+xml' href='http://gdata.youtube.com/feeds/api/users/tubeit20101?client=youtube_it'/><link
        rel='alternate' type='text/html' href='http://www.youtube.com/playlist?list=PLUq7irMdoCZJ0BX07fsmWbgvmBC-xxHFf'/><link
        rel='self' type='application/atom+xml' href='http://gdata.youtube.com/feeds/api/users/tubeit20101/playlists/PLUq7irMdoCZJ0BX07fsmWbgvmBC-xxHFf?client=youtube_it'/><link
        rel='edit' type='application/atom+xml' href='http://gdata.youtube.com/feeds/api/users/tubeit20101/playlists/PLUq7irMdoCZJ0BX07fsmWbgvmBC-xxHFf?client=youtube_it'/><author><name>tubeit20101</name><uri>http://gdata.youtube.com/feeds/api/users/tubeit20101</uri><yt:userId>WWmLvppy3j64IGmA2dpCyw</yt:userId></author><yt:countHint>0</yt:countHint><media:group><yt:duration
        seconds='0'/></media:group><yt:playlistId>PLUq7irMdoCZJ0BX07fsmWbgvmBC-xxHFf</yt:playlistId></entry>
    http_version: 
  recorded_at: Thu, 23 May 2013 16:31:13 GMT
- request:
    method: get
    uri: http://gdata.youtube.com/feeds/api/playlists/PLUq7irMdoCZJ0BX07fsmWbgvmBC-xxHFf?v=2&orderby=position
    body:
      encoding: US-ASCII
      string: ''
    headers:
      User-Agent:
      - Faraday v0.8.7
      Authorization:
      - Bearer ya29.AHES6ZSCjaDC3LXntgv7OmRmCrP35SLXUSp9sYDsRQ-s3m8
      X-GData-Client:
      - youtube_it
      X-GData-Key:
      - key=AI39si7WuZZxAkYebKSyrlJR7hIFktt6OoPycEOeOT_yHkZgr6QsGbZgmhKvbS4bsSAv0utgrfhNfXQBITu1wX_z3VsZE02giQ
      GData-Version:
      - '2.1'
      Content-Type:
      - application/atom+xml; charset=UTF-8
      Content-Length:
      - '0'
  response:
    status:
      code: 200
      message: 
    headers:
      X-GData-User-Country:
      - AR
      Content-Type:
      - application/atom+xml; charset=UTF-8; type=feed
      Expires:
      - Thu, 23 May 2013 16:31:14 GMT
      Date:
      - Thu, 23 May 2013 16:31:14 GMT
      Cache-Control:
      - private, max-age=0, must-revalidate, no-transform
      Vary:
      - Accept, X-GData-Authorization, GData-Version
      GData-Version:
      - '2.1'
      ETag:
      - W/"DEEDQn47eCp7I2A9WhBaE08."
      Last-Modified:
      - Thu, 23 May 2013 16:31:13 GMT
      Transfer-Encoding:
      - chunked
      X-Content-Type-Options:
      - nosniff
      X-Frame-Options:
      - SAMEORIGIN
      X-XSS-Protection:
      - 1; mode=block
      Server:
      - GSE
    body:
      encoding: UTF-8
      string: <?xml version='1.0' encoding='UTF-8'?><feed xmlns='http://www.w3.org/2005/Atom'
        xmlns:media='http://search.yahoo.com/mrss/' xmlns:openSearch='http://a9.com/-/spec/opensearch/1.1/'
        xmlns:gd='http://schemas.google.com/g/2005' xmlns:yt='http://gdata.youtube.com/schemas/2007'
        gd:etag='W/&quot;DEEDQn47eCp7I2A9WhBaE08.&quot;'><id>tag:youtube.com,2008:playlist:PLUq7irMdoCZJ0BX07fsmWbgvmBC-xxHFf</id><updated>2013-05-23T16:31:13.000Z</updated><category
        scheme='http://schemas.google.com/g/2005#kind' term='http://gdata.youtube.com/schemas/2007#playlist'/><title>youtube_it
        test1!</title><subtitle>test playlist</subtitle><logo>http://www.youtube.com/img/pic_youtubelogo_123x63.gif</logo><link
        rel='alternate' type='text/html' href='http://www.youtube.com/playlist?list=PLUq7irMdoCZJ0BX07fsmWbgvmBC-xxHFf'/><link
        rel='http://schemas.google.com/g/2005#feed' type='application/atom+xml' href='http://gdata.youtube.com/feeds/api/playlists/PLUq7irMdoCZJ0BX07fsmWbgvmBC-xxHFf?client=youtube_it'/><link
        rel='http://schemas.google.com/g/2005#post' type='application/atom+xml' href='http://gdata.youtube.com/feeds/api/playlists/PLUq7irMdoCZJ0BX07fsmWbgvmBC-xxHFf?client=youtube_it'/><link
        rel='http://schemas.google.com/g/2005#batch' type='application/atom+xml' href='http://gdata.youtube.com/feeds/api/playlists/PLUq7irMdoCZJ0BX07fsmWbgvmBC-xxHFf/batch?client=youtube_it'/><link
        rel='self' type='application/atom+xml' href='http://gdata.youtube.com/feeds/api/playlists/PLUq7irMdoCZJ0BX07fsmWbgvmBC-xxHFf?start-index=1&amp;max-results=25&amp;orderby=position&amp;client=youtube_it'/><link
        rel='service' type='application/atomsvc+xml' href='http://gdata.youtube.com/feeds/api/playlists/PLUq7irMdoCZJ0BX07fsmWbgvmBC-xxHFf?alt=atom-service'/><author><name>tubeit20101</name><uri>http://gdata.youtube.com/feeds/api/users/tubeit20101</uri><yt:userId>WWmLvppy3j64IGmA2dpCyw</yt:userId></author><generator
        version='2.1' uri='http://gdata.youtube.com'>YouTube data API</generator><openSearch:totalResults>0</openSearch:totalResults><openSearch:startIndex>1</openSearch:startIndex><openSearch:itemsPerPage>25</openSearch:itemsPerPage><media:group><media:description
        type='plain'>test playlist</media:description><media:title type='plain'>youtube_it
        test1!</media:title></media:group><yt:playlistId>PLUq7irMdoCZJ0BX07fsmWbgvmBC-xxHFf</yt:playlistId></feed>
    http_version: 
  recorded_at: Thu, 23 May 2013 16:31:14 GMT
- request:
    method: delete
    uri: http://gdata.youtube.com/feeds/api/users/default/playlists/PLUq7irMdoCZJ0BX07fsmWbgvmBC-xxHFf
    body:
      encoding: US-ASCII
      string: ''
    headers:
      User-Agent:
      - Faraday v0.8.7
      Authorization:
      - Bearer ya29.AHES6ZSCjaDC3LXntgv7OmRmCrP35SLXUSp9sYDsRQ-s3m8
      X-GData-Client:
      - youtube_it
      X-GData-Key:
      - key=AI39si7WuZZxAkYebKSyrlJR7hIFktt6OoPycEOeOT_yHkZgr6QsGbZgmhKvbS4bsSAv0utgrfhNfXQBITu1wX_z3VsZE02giQ
      GData-Version:
      - '2.1'
      Content-Type:
      - application/atom+xml; charset=UTF-8
      Content-Length:
      - '0'
  response:
    status:
      code: 200
      message: 
    headers:
      X-GData-User-Country:
      - AR
      GData-Version:
      - '2.1'
      Date:
      - Thu, 23 May 2013 16:31:14 GMT
      Expires:
      - Thu, 23 May 2013 16:31:14 GMT
      Cache-Control:
      - private, max-age=0
      X-Content-Type-Options:
      - nosniff
      X-Frame-Options:
      - SAMEORIGIN
      X-XSS-Protection:
      - 1; mode=block
      Content-Length:
      - '0'
      Server:
      - GSE
      Content-Type:
      - text/html; charset=UTF-8
    body:
      encoding: UTF-8
      string: ''
    http_version: 
  recorded_at: Thu, 23 May 2013 16:31:15 GMT
recorded_with: VCR 2.5.0
